// Jest Snapshot v1, https://goo.gl/fbAQLP

exports[`prisma loads type-level includes directly, indirectly and merges with relations 1`] = `
Object {
  "data": Object {
    "me": Object {
      "commentsConnection": Object {
        "edges": Array [
          Object {
            "node": Object {
              "authorBio": "Saepe deserunt animi quia.",
            },
          },
        ],
      },
      "postsConnection": Object {
        "edges": Array [
          Object {
            "node": Object {
              "commentAuthorIds": Array [
                "1",
                "2",
                "3",
              ],
            },
          },
        ],
      },
      "twoComments": Object {
        "edges": Array [
          Object {
            "node": Object {
              "author": Object {
                "id": "VXNlcjox",
              },
              "authorBio": "Saepe deserunt animi quia.",
            },
          },
          Object {
            "node": Object {
              "author": Object {
                "id": "VXNlcjox",
              },
              "authorBio": "Saepe deserunt animi quia.",
            },
          },
        ],
      },
    },
  },
}
`;
