// Vitest Snapshot v1

exports[`cursor based connection > queries 1`] = `
{
  "data": {
    "node": {
      "number": 2,
    },
  },
}
`;
